[     716ms] [WARNING] cdn.tailwindcss.com should not be used in production. To use Tailwind CSS in production, install it as a PostCSS plugin or use the Tailwind CLI: https://tailwindcss.com/docs/installation @ https://cdn.tailwindcss.com/:63
[    1821ms] [LOG] %c●%c●%c●%c  BloomDots. Make Your Brand Unskippable.
%cNice. You opened the console, that is exactly the kind of curious we build for. color:#FAB72B;font-size:15px color:#29B9EA;font-size:15px color:#E84E28;font-size:15px color:#f5f1e8;font-size:13px;font-weight:700 color:#888;font-size:12px @ http://localhost:8901/index.html:4158
[    1871ms] [WARNING] GSAP target .svc-label not found. https://gsap.com @ https://cdnjs.cloudflare.com/ajax/libs/gsap/3.12.5/gsap.min.js:9
[    1873ms] [WARNING] GSAP target  not found. https://gsap.com @ https://cdnjs.cloudflare.com/ajax/libs/gsap/3.12.5/gsap.min.js:9
[    3758ms] [ERROR] Failed to load resource: the server responded with a status of 404 (File not found) @ http://localhost:8901/favicon.ico:0
[   36829ms] [ERROR] Failed to load resource: the server responded with a status of 404 (Not Found) @ https://cdnjs.cloudflare.com/ajax/libs/gsap/3.12.5/gsap.min.js:0
[   36830ms] [ERROR] Failed to load resource: the server responded with a status of 404 (Not Found) @ https://cdnjs.cloudflare.com/ajax/libs/gsap/3.12.5/ScrollTrigger.min.js:0
[   37334ms] [WARNING] cdn.tailwindcss.com should not be used in production. To use Tailwind CSS in production, install it as a PostCSS plugin or use the Tailwind CLI: https://tailwindcss.com/docs/installation @ https://cdn.tailwindcss.com/:63
[   37556ms] [INFO] Slow network is detected. See https://www.chromestatus.com/feature/5636954674692096 for more details. Fallback font will be used while loading: http://localhost:8901/Bloomdots%20Design%20System/fonts/Canela-Regular-Trial.otf @ http://localhost:8901/index.html:3128
[   37557ms] [INFO] Slow network is detected. See https://www.chromestatus.com/feature/5636954674692096 for more details. Fallback font will be used while loading: http://localhost:8901/Bloomdots%20Design%20System/fonts/Satoshi-Regular.otf @ http://localhost:8901/index.html:3128
[   37674ms] [INFO] Slow network is detected. See https://www.chromestatus.com/feature/5636954674692096 for more details. Fallback font will be used while loading: http://localhost:8901/Bloomdots%20Design%20System/fonts/Satoshi-Bold.otf @ http://localhost:8901/index.html:3854
[   37675ms] [INFO] Slow network is detected. See https://www.chromestatus.com/feature/5636954674692096 for more details. Fallback font will be used while loading: http://localhost:8901/Bloomdots%20Design%20System/fonts/Canela-Light-Trial.otf @ http://localhost:8901/index.html:3854
[   37675ms] [INFO] Slow network is detected. See https://www.chromestatus.com/feature/5636954674692096 for more details. Fallback font will be used while loading: http://localhost:8901/Bloomdots%20Design%20System/fonts/Canela-LightItalic-Trial.otf @ http://localhost:8901/index.html:3854
[   37675ms] [INFO] Slow network is detected. See https://www.chromestatus.com/feature/5636954674692096 for more details. Fallback font will be used while loading: http://localhost:8901/Bloomdots%20Design%20System/fonts/Satoshi-Light.otf @ http://localhost:8901/index.html:3854
[   37676ms] [INFO] Slow network is detected. See https://www.chromestatus.com/feature/5636954674692096 for more details. Fallback font will be used while loading: http://localhost:8901/Bloomdots%20Design%20System/fonts/Satoshi-Black.otf @ http://localhost:8901/index.html:3854
[   37676ms] [INFO] Slow network is detected. See https://www.chromestatus.com/feature/5636954674692096 for more details. Fallback font will be used while loading: http://localhost:8901/Bloomdots%20Design%20System/fonts/Satoshi-Medium.otf @ http://localhost:8901/index.html:3854
[   37677ms] [INFO] Slow network is detected. See https://www.chromestatus.com/feature/5636954674692096 for more details. Fallback font will be used while loading: http://localhost:8901/Bloomdots%20Design%20System/fonts/Canela-Black-Trial.otf @ http://localhost:8901/index.html:3854
[   37677ms] [INFO] Slow network is detected. See https://www.chromestatus.com/feature/5636954674692096 for more details. Fallback font will be used while loading: http://localhost:8901/Bloomdots%20Design%20System/fonts/Canela-BlackItalic-Trial.otf @ http://localhost:8901/index.html:3854
[   37881ms] ReferenceError: gsap is not defined
    at http://localhost:8901/index.html:4045:5
[   37933ms] [INFO] Slow network is detected. See https://www.chromestatus.com/feature/5636954674692096 for more details. Fallback font will be used while loading: http://localhost:8901/Bloomdots%20Design%20System/fonts/Canela-RegularItalic-Trial.otf @ http://localhost:8901/index.html:5159
